ds4: Metal device Apple M5 Max, 128.00 GiB RAM
ds4: Metal 4 tensor API enabled for Tensor kernels
ds4: drift-patch flags hc_stable=on norm_unify=on kv_raw_f32=off rope_exp2_log2=off math_safe=off tensor_matmul=on
ds4: Metal SSD streaming mode enabled; full model residency and warmup are skipped
ds4: SSD streaming auto cache budget
ds4:   metal recommends 107.52 GiB working set
ds4:   using 75% total for model + cached experts: 81.00 GiB
ds4:   non-routed weights: 9.37 GiB
ds4:   routed expert size: 9.49 MiB
ds4:   expert budget before prefill reserve: 7727 (71.63 GiB)
ds4: metal SSD streaming cache target 71.63 GiB; effective 71.63 GiB = 7.12 GiB prefill headroom + 64.51 GiB dynamic cache (6959 experts, 9.49 MiB each)
ds4: Metal SSD static weights locked 9.37 GiB; pageable 0.00 GiB
ds4: SSD streaming initial metal model map (569 spans, 9.37 GiB tensor span)
ds4: metal backend initialized for graph diagnostics
ds4: memory: KV 2.98 GiB (raw 0.63 + compressed 2.34) + buffers 9.44 GiB + resident model 9.37 GiB + expert cache 64.51 GiB + prefill expert reserve 7.12 GiB = 93.42 GiB planned
ds4: memory detail: ctx=393216 prefill_cap=8192 raw_kv_rows=128 compressed_kv_rows=393217 backend=metal
1003 13:20:15 ds4-server: context buffers 12717.91 MiB (ctx=393216, backend=metal, prefill_chunk=8192, raw_kv_rows=128, compressed_kv_rows=393217)
ds4: V4.1 static context buffers 12717.91 MiB (ctx=393216), Engram disk-only
1003 13:20:15 ds4-server: host reclaimable memory after session allocation 103.64 GiB (pressure=1)
1003 13:20:15 ds4-server: listening on http://127.0.0.1:8056
1003 13:20:23 ds4-server: completion ctx=0..8914:8914 prompt start
ds4: DSV4 prefill indexed attention engaged on tensor-unit tiles (kernel_dsv4_indexed_mixed_attention_heads16_nax)
1003 13:20:44 ds4-server: completion ctx=0..8914:8914 prefill chunk 8192/8914 (91.9%) chunk=0.00 t/s avg=398.66 t/s 20.549s
1003 13:20:50 ds4-server: completion ctx=0..8914:8914 prefill chunk 8914/8914 (100.0%) chunk=113.01 t/s avg=330.91 t/s 26.938s
1003 13:20:50 ds4-server: completion ctx=0..8914:8914 prompt done 26.972s
1003 13:20:53 ds4-server: completion ctx=8914..8964:50 gen=50 THINKING decoding chunk=14.67 t/s avg=14.67 t/s 3.409s
1003 13:20:56 ds4-server: completion ctx=8964..9014:50 gen=100 THINKING decoding chunk=20.53 t/s avg=17.11 t/s 5.845s
1003 13:20:58 ds4-server: completion ctx=9014..9064:50 gen=150 THINKING decoding chunk=21.22 t/s avg=18.29 t/s 8.201s
1003 13:21:01 ds4-server: completion ctx=9064..9114:50 gen=200 THINKING decoding chunk=18.52 t/s avg=18.35 t/s 10.901s
1003 13:21:03 ds4-server: completion ctx=9114..9164:50 gen=250 THINKING decoding chunk=21.24 t/s avg=18.86 t/s 13.255s
1003 13:21:04 ds4-server: completion ctx=9164..9170:6 gen=256 THINKING decoding chunk=22.13 t/s avg=18.93 t/s 13.526s
1003 13:21:04 ds4-server: completion ctx=0..8914:8914 gen=256 THINKING finish=length 40.499s
1003 13:21:04 ds4-server: rewound live prefix from 9170 to 8912; 2 prompt tokens will be reevaluated
1003 13:21:04 ds4-server: completion ctx=8912..8914:2 prompt start
1003 13:21:04 ds4-server: completion ctx=8912..8914:2 prefill chunk 1/2 (50.0%) chunk=0.00 t/s avg=13.88 t/s 0.072s
1003 13:21:04 ds4-server: completion ctx=8912..8914:2 prefill chunk 2/2 (100.0%) chunk=18.43 t/s avg=15.84 t/s 0.126s
1003 13:21:04 ds4-server: completion ctx=8912..8914:2 prompt done 0.128s
1003 13:21:06 ds4-server: completion ctx=8914..8964:50 gen=50 THINKING decoding chunk=24.40 t/s avg=24.40 t/s 2.049s
1003 13:21:08 ds4-server: completion ctx=8964..9014:50 gen=100 THINKING decoding chunk=23.81 t/s avg=24.11 t/s 4.148s
1003 13:21:10 ds4-server: completion ctx=9014..9064:50 gen=150 THINKING decoding chunk=23.69 t/s avg=23.96 t/s 6.259s
1003 13:21:12 ds4-server: completion ctx=9064..9114:50 gen=200 THINKING decoding chunk=23.53 t/s avg=23.85 t/s 8.385s
1003 13:21:14 ds4-server: completion ctx=9114..9164:50 gen=250 THINKING decoding chunk=23.04 t/s avg=23.68 t/s 10.555s
1003 13:21:15 ds4-server: completion ctx=9164..9170:6 gen=256 THINKING decoding chunk=21.96 t/s avg=23.64 t/s 10.828s
1003 13:21:15 ds4-server: completion ctx=8912..8914:2 gen=256 THINKING finish=length 10.956s
1003 13:21:15 ds4-server: rewound live prefix from 9170 to 8912; 2 prompt tokens will be reevaluated
1003 13:21:15 ds4-server: completion ctx=8912..8914:2 prompt start
1003 13:21:15 ds4-server: completion ctx=8912..8914:2 prefill chunk 1/2 (50.0%) chunk=0.00 t/s avg=26.30 t/s 0.038s
1003 13:21:15 ds4-server: completion ctx=8912..8914:2 prefill chunk 2/2 (100.0%) chunk=27.16 t/s avg=26.72 t/s 0.075s
1003 13:21:15 ds4-server: completion ctx=8912..8914:2 prompt done 0.076s
1003 13:21:17 ds4-server: completion ctx=8914..8964:50 gen=50 THINKING decoding chunk=26.30 t/s avg=26.30 t/s 1.901s
1003 13:21:19 ds4-server: completion ctx=8964..9014:50 gen=100 THINKING decoding chunk=26.38 t/s avg=26.34 t/s 3.797s
1003 13:21:20 ds4-server: completion ctx=9014..9064:50 gen=150 THINKING decoding chunk=26.36 t/s avg=26.34 t/s 5.694s
1003 13:21:22 ds4-server: completion ctx=9064..9114:50 gen=200 THINKING decoding chunk=26.30 t/s avg=26.33 t/s 7.595s
1003 13:21:24 ds4-server: completion ctx=9114..9164:50 gen=250 THINKING decoding chunk=26.19 t/s avg=26.30 t/s 9.504s
1003 13:21:24 ds4-server: completion ctx=9164..9170:6 gen=256 THINKING decoding chunk=26.22 t/s avg=26.30 t/s 9.733s
1003 13:21:24 ds4-server: completion ctx=8912..8914:2 gen=256 THINKING finish=length 9.810s
1003 13:21:25 ds4-server: shutdown requested, draining requests
