ds4: Metal device Apple M5 Max, 128.00 GiB RAM
ds4: Metal 4 tensor API enabled for Tensor kernels
ds4: drift-patch flags hc_stable=on norm_unify=on kv_raw_f32=off rope_exp2_log2=off math_safe=off tensor_matmul=on
ds4: Metal SSD streaming mode enabled; full model residency and warmup are skipped
ds4: SSD streaming auto cache budget
ds4:   metal recommends 107.52 GiB working set
ds4:   using 75% total for model + cached experts: 81.00 GiB
ds4:   non-routed weights: 9.37 GiB
ds4:   routed expert size: 9.49 MiB
ds4:   expert budget before prefill reserve: 7727 (71.63 GiB)
ds4: metal SSD streaming cache target 71.63 GiB; effective 71.63 GiB = 7.12 GiB prefill headroom + 64.51 GiB dynamic cache (6959 experts, 9.49 MiB each)
ds4: Metal SSD static weights locked 9.37 GiB; pageable 0.00 GiB
ds4: SSD streaming initial metal model map (569 spans, 9.37 GiB tensor span)
ds4: metal backend initialized for graph diagnostics
ds4: memory: KV 2.98 GiB (raw 0.63 + compressed 2.34) + buffers 9.44 GiB + resident model 9.37 GiB + expert cache 64.51 GiB + prefill expert reserve 7.12 GiB = 93.42 GiB planned
ds4: memory detail: ctx=393216 prefill_cap=8192 raw_kv_rows=128 compressed_kv_rows=393217 backend=metal
1003 13:23:02 ds4-server: context buffers 12717.91 MiB (ctx=393216, backend=metal, prefill_chunk=8192, raw_kv_rows=128, compressed_kv_rows=393217)
ds4: V4.1 static context buffers 12717.91 MiB (ctx=393216), Engram disk-only
1003 13:23:02 ds4-server: host reclaimable memory after session allocation 103.93 GiB (pressure=1)
1003 13:23:02 ds4-server: listening on http://127.0.0.1:8056
1003 13:23:10 ds4-server: completion ctx=0..8914:8914 prompt start
ds4: DSV4 prefill indexed attention engaged on tensor-unit tiles (kernel_dsv4_indexed_mixed_attention_heads16_nax)
1003 13:23:30 ds4-server: completion ctx=0..8914:8914 prefill chunk 8192/8914 (91.9%) chunk=0.00 t/s avg=394.23 t/s 20.780s
1003 13:23:36 ds4-server: completion ctx=0..8914:8914 prefill chunk 8914/8914 (100.0%) chunk=124.32 t/s avg=335.27 t/s 26.588s
1003 13:23:36 ds4-server: completion ctx=0..8914:8914 prompt done 26.623s
1003 13:23:40 ds4-server: completion ctx=8914..8964:50 gen=50 THINKING decoding chunk=15.11 t/s avg=15.11 t/s 3.309s
1003 13:23:42 ds4-server: completion ctx=8964..9014:50 gen=100 THINKING decoding chunk=20.99 t/s avg=17.57 t/s 5.690s
1003 13:23:44 ds4-server: completion ctx=9014..9064:50 gen=150 THINKING decoding chunk=21.49 t/s avg=18.71 t/s 8.017s
1003 13:23:47 ds4-server: completion ctx=9064..9114:50 gen=200 THINKING decoding chunk=18.68 t/s avg=18.70 t/s 10.694s
1003 13:23:49 ds4-server: completion ctx=9114..9164:50 gen=250 THINKING decoding chunk=21.49 t/s avg=19.20 t/s 13.021s
1003 13:23:50 ds4-server: completion ctx=9164..9170:6 gen=256 THINKING decoding chunk=22.70 t/s avg=19.27 t/s 13.285s
1003 13:23:50 ds4-server: completion ctx=0..8914:8914 gen=256 THINKING finish=length 39.908s
1003 13:23:50 ds4-server: rewound live prefix from 9170 to 8912; 2 prompt tokens will be reevaluated
1003 13:23:50 ds4-server: completion ctx=8912..8914:2 prompt start
1003 13:23:50 ds4-server: completion ctx=8912..8914:2 prefill chunk 1/2 (50.0%) chunk=0.00 t/s avg=14.12 t/s 0.071s
1003 13:23:50 ds4-server: completion ctx=8912..8914:2 prefill chunk 2/2 (100.0%) chunk=18.51 t/s avg=16.02 t/s 0.125s
1003 13:23:50 ds4-server: completion ctx=8912..8914:2 prompt done 0.126s
1003 13:23:52 ds4-server: completion ctx=8914..8964:50 gen=50 THINKING decoding chunk=23.69 t/s avg=23.69 t/s 2.111s
1003 13:23:54 ds4-server: completion ctx=8964..9014:50 gen=100 THINKING decoding chunk=24.07 t/s avg=23.88 t/s 4.188s
1003 13:23:56 ds4-server: completion ctx=9014..9064:50 gen=150 THINKING decoding chunk=23.81 t/s avg=23.86 t/s 6.287s
1003 13:23:58 ds4-server: completion ctx=9064..9114:50 gen=200 THINKING decoding chunk=23.84 t/s avg=23.85 t/s 8.385s
1003 13:24:00 ds4-server: completion ctx=9114..9164:50 gen=250 THINKING decoding chunk=23.33 t/s avg=23.75 t/s 10.528s
1003 13:24:01 ds4-server: completion ctx=9164..9170:6 gen=256 THINKING decoding chunk=22.30 t/s avg=23.71 t/s 10.797s
1003 13:24:01 ds4-server: completion ctx=8912..8914:2 gen=256 THINKING finish=length 10.924s
1003 13:24:01 ds4-server: rewound live prefix from 9170 to 8912; 2 prompt tokens will be reevaluated
1003 13:24:01 ds4-server: completion ctx=8912..8914:2 prompt start
1003 13:24:01 ds4-server: completion ctx=8912..8914:2 prefill chunk 1/2 (50.0%) chunk=0.00 t/s avg=25.98 t/s 0.038s
1003 13:24:01 ds4-server: completion ctx=8912..8914:2 prefill chunk 2/2 (100.0%) chunk=26.96 t/s avg=26.46 t/s 0.076s
1003 13:24:01 ds4-server: completion ctx=8912..8914:2 prompt done 0.077s
1003 13:24:03 ds4-server: completion ctx=8914..8964:50 gen=50 THINKING decoding chunk=26.49 t/s avg=26.49 t/s 1.888s
1003 13:24:05 ds4-server: completion ctx=8964..9014:50 gen=100 THINKING decoding chunk=25.48 t/s avg=25.97 t/s 3.850s
1003 13:24:07 ds4-server: completion ctx=9014..9064:50 gen=150 THINKING decoding chunk=25.12 t/s avg=25.68 t/s 5.841s
1003 13:24:09 ds4-server: completion ctx=9064..9114:50 gen=200 THINKING decoding chunk=24.88 t/s avg=25.48 t/s 7.850s
1003 13:24:11 ds4-server: completion ctx=9114..9164:50 gen=250 THINKING decoding chunk=24.90 t/s avg=25.36 t/s 9.858s
1003 13:24:11 ds4-server: completion ctx=9164..9170:6 gen=256 THINKING decoding chunk=25.13 t/s avg=25.35 t/s 10.097s
1003 13:24:11 ds4-server: completion ctx=8912..8914:2 gen=256 THINKING finish=length 10.175s
1003 13:24:11 ds4-server: shutdown requested, draining requests
